// Jest Snapshot v1, https://goo.gl/fbAQLP

exports[`install should have default options 1`] = `
Object {
  "bootstrap": true,
  "config": null,
  "defaultGroupName": "default",
  "disableScriptLoad": false,
  "enabled": true,
  "globalObjectName": "gtag",
  "includes": null,
  "onReady": null,
  "pageTrackerEnabled": true,
  "pageTrackerScreenviewEnabled": false,
  "pageTrackerTemplate": null,
}
`;
